[webdesign-finder.com/html/pharma/index.html]
[backblue.gif]
[fade.gif]
[index.html]
[webdesign-finder.com/html/pharma/css/bootstrap.min.css]
[webdesign-finder.com/html/pharma/css/animations.css]
[webdesign-finder.com/html/pharma/css/fonts.css]
[webdesign-finder.com/html/pharma/css/main.css]
[webdesign-finder.com/html/pharma/css/shop.css]
[webdesign-finder.com/html/pharma/js/vendor/modernizr-2.6.2.min.js]
[webdesign-finder.com/html/pharma/images/logo.png]
[webdesign-finder.com/html/pharma/index-static.html]
[webdesign-finder.com/html/pharma/index-2.html]
[webdesign-finder.com/html/pharma/index-single.html]
[webdesign-finder.com/html/pharma/about.html]
[webdesign-finder.com/html/pharma/shortcodes_teasers.html]
[webdesign-finder.com/html/pharma/shortcodes_typography.html]
[webdesign-finder.com/html/pharma/shortcodes_buttons.html]
[webdesign-finder.com/html/pharma/shortcodes_progress.html]
[webdesign-finder.com/html/pharma/shortcodes_tabs.html]
[webdesign-finder.com/html/pharma/shortcodes_bootstrap.html]
[webdesign-finder.com/html/pharma/shortcodes_widgets.html]
[webdesign-finder.com/html/pharma/shortcodes_animation.html]
[webdesign-finder.com/html/pharma/shortcodes_icons.html]
[webdesign-finder.com/html/pharma/departments.html]
[webdesign-finder.com/html/pharma/department-single.html]
[webdesign-finder.com/html/pharma/careers.html]
[webdesign-finder.com/html/pharma/shortcodes_socialicons.html]
[webdesign-finder.com/html/pharma/timetable.html]
[webdesign-finder.com/html/pharma/events-left.html]
[webdesign-finder.com/html/pharma/events-right.html]
[webdesign-finder.com/html/pharma/events-full.html]
[webdesign-finder.com/html/pharma/event-single-left.html]
[webdesign-finder.com/html/pharma/event-single-right.html]
[webdesign-finder.com/html/pharma/event-single-full.html]
[webdesign-finder.com/html/pharma/shop-right.html]
[webdesign-finder.com/html/pharma/shop-product-right.html]
[webdesign-finder.com/html/pharma/shop-cart-right.html]
[webdesign-finder.com/html/pharma/shop-checkout-right.html]
[webdesign-finder.com/html/pharma/shop-register.html]
[webdesign-finder.com/html/pharma/team.html]
[webdesign-finder.com/html/pharma/team-single.html]
[webdesign-finder.com/html/pharma/comingsoon1.html]
[webdesign-finder.com/html/pharma/comingsoon2.html]
[webdesign-finder.com/html/pharma/faq.html]
[webdesign-finder.com/html/pharma/faq2.html]
[webdesign-finder.com/html/pharma/404.html]
[webdesign-finder.com/html/pharma/4042.html]
[webdesign-finder.com/html/pharma/pipeline.html]
[webdesign-finder.com/html/pharma/pipeline-single.html]
[webdesign-finder.com/html/pharma/header1.html]
[webdesign-finder.com/html/pharma/header2.html]
[webdesign-finder.com/html/pharma/header3.html]
[webdesign-finder.com/html/pharma/header4.html]
[webdesign-finder.com/html/pharma/header5.html]
[webdesign-finder.com/html/pharma/header6.html]
[webdesign-finder.com/html/pharma/header_side1.html]
[webdesign-finder.com/html/pharma/header_side2.html]
[webdesign-finder.com/html/pharma/header_side3.html]
[webdesign-finder.com/html/pharma/header_side4.html]
[webdesign-finder.com/html/pharma/header_side5.html]
[webdesign-finder.com/html/pharma/header_side6.html]
[webdesign-finder.com/html/pharma/header_side7.html]
[webdesign-finder.com/html/pharma/header_side8.html]
[webdesign-finder.com/html/pharma/header_side_superfish.html]
[webdesign-finder.com/html/pharma/header_side_sticked.html]
[webdesign-finder.com/html/pharma/breadcrumbs1.html]
[webdesign-finder.com/html/pharma/breadcrumbs2.html]
[webdesign-finder.com/html/pharma/breadcrumbs3.html]
[webdesign-finder.com/html/pharma/breadcrumbs4.html]
[webdesign-finder.com/html/pharma/breadcrumbs5.html]
[webdesign-finder.com/html/pharma/breadcrumbs6.html]
[webdesign-finder.com/html/pharma/footer1.html]
[webdesign-finder.com/html/pharma/footer2.html]
[webdesign-finder.com/html/pharma/footer3.html]
[webdesign-finder.com/html/pharma/footer4.html]
[webdesign-finder.com/html/pharma/footer5.html]
[webdesign-finder.com/html/pharma/footer6.html]
[webdesign-finder.com/html/pharma/copyright1.html]
[webdesign-finder.com/html/pharma/copyright2.html]
[webdesign-finder.com/html/pharma/copyright3.html]
[webdesign-finder.com/html/pharma/copyright4.html]
[webdesign-finder.com/html/pharma/copyright5.html]
[webdesign-finder.com/html/pharma/gallery-regular.html]
[webdesign-finder.com/html/pharma/gallery-regular-2-cols.html]
[webdesign-finder.com/html/pharma/gallery-regular-3-cols.html]
[webdesign-finder.com/html/pharma/gallery-fullwidth.html]
[webdesign-finder.com/html/pharma/gallery-fullwidth-3-cols.html]
[webdesign-finder.com/html/pharma/gallery-fullwidth-4-cols.html]
[webdesign-finder.com/html/pharma/gallery-extended.html]
[webdesign-finder.com/html/pharma/gallery-extended-2-cols.html]
[webdesign-finder.com/html/pharma/gallery-extended-3-cols.html]
[webdesign-finder.com/html/pharma/gallery-carousel.html]
[webdesign-finder.com/html/pharma/gallery-carousel-2-cols.html]
[webdesign-finder.com/html/pharma/gallery-carousel-3-cols.html]
[webdesign-finder.com/html/pharma/gallery-tile.html]
[webdesign-finder.com/html/pharma/gallery-left.html]
[webdesign-finder.com/html/pharma/gallery-left-2-cols.html]
[webdesign-finder.com/html/pharma/gallery-right.html]
[webdesign-finder.com/html/pharma/gallery-right-2-cols.html]
[webdesign-finder.com/html/pharma/gallery-single.html]
[webdesign-finder.com/html/pharma/gallery-single2.html]
[webdesign-finder.com/html/pharma/gallery-single3.html]
[webdesign-finder.com/html/pharma/blog-right.html]
[webdesign-finder.com/html/pharma/blog-left.html]
[webdesign-finder.com/html/pharma/blog-full.html]
[webdesign-finder.com/html/pharma/blog-mosaic.html]
[webdesign-finder.com/html/pharma/blog-single-right.html]
[webdesign-finder.com/html/pharma/blog-single-left.html]
[webdesign-finder.com/html/pharma/blog-single-full.html]
[webdesign-finder.com/html/pharma/blog-single-video-right.html]
[webdesign-finder.com/html/pharma/blog-single-video-left.html]
[webdesign-finder.com/html/pharma/blog-single-video-full.html]
[webdesign-finder.com/html/pharma/contact.html]
[webdesign-finder.com/html/pharma/contact2.html]
[webdesign-finder.com/html/pharma/contact3.html]
[webdesign-finder.com/html/pharma/contact4.html]
[webdesign-finder.com/html/pharma/images/slide01.jpg]
[webdesign-finder.com/html/pharma/images/slide02.jpg]
[webdesign-finder.com/html/pharma/images/slide03.jpg]
[webdesign-finder.com/html/pharma/images/gallery/01.jpg]
[webdesign-finder.com/html/pharma/images/gallery/02.jpg]
[webdesign-finder.com/html/pharma/images/gallery/03.jpg]
[webdesign-finder.com/html/pharma/images/gallery/04.jpg]
[webdesign-finder.com/html/pharma/images/gallery/05.jpg]
[webdesign-finder.com/html/pharma/images/gallery/06.jpg]
[webdesign-finder.com/html/pharma/images/gallery/07.jpg]
[webdesign-finder.com/html/pharma/images/gallery/08.jpg]
[webdesign-finder.com/html/pharma/images/blog_post1.jpg]
[webdesign-finder.com/html/pharma/images/faces/01.jpg]
[webdesign-finder.com/html/pharma/images/faces/02.jpg]
[webdesign-finder.com/html/pharma/images/faces/03.jpg]
[webdesign-finder.com/html/pharma/images/partners/01.png]
[webdesign-finder.com/html/pharma/images/partners/02.png]
[webdesign-finder.com/html/pharma/images/partners/03.png]
[webdesign-finder.com/html/pharma/images/partners/04.png]
[webdesign-finder.com/html/pharma/images/partners/05.png]
[webdesign-finder.com/html/pharma/images/partners/06.png]
[webdesign-finder.com/html/pharma/images/partners/07.png]
[webdesign-finder.com/html/pharma/images/partners/08.png]
[webdesign-finder.com/html/pharma/images/partners/09.png]
[webdesign-finder.com/html/pharma/images/logo-light.png]
[webdesign-finder.com/cdn-cgi/scripts/f2bf09f8/cloudflare-static/email-decode.min.js]
[webdesign-finder.com/html/pharma/index.html]
[webdesign-finder.com/html/pharma/js/switcher.js]
[webdesign-finder.com/html/pharma/js/main.js]
[webdesign-finder.com/html/pharma/fonts/glyphicons-halflings-regular.eot]
[webdesign-finder.com/html/pharma/fonts/glyphicons-halflings-regulard41d.eot]
[webdesign-finder.com/html/pharma/js/compressed.js]
[webdesign-finder.com/html/pharma/fonts/glyphicons-halflings-regular.woff]
[webdesign-finder.com/html/pharma/css/bootstrap.min.css]
[webdesign-finder.com/html/pharma/css/animations.css]
[webdesign-finder.com/html/pharma/fonts/glyphicons-halflings-regular.svg]
[webdesign-finder.com/html/pharma/fonts/glyphicons-halflings-regular.ttf]
[webdesign-finder.com/html/pharma/fonts/rt-icons-23dab.eot]
[webdesign-finder.com/html/pharma/fonts/rt-icons-23dab.svg]
[webdesign-finder.com/html/pharma/fonts/rt-icons-2d41d.eot]
[webdesign-finder.com/html/pharma/fonts/rt-icons-23dab.ttf]
[webdesign-finder.com/html/pharma/fonts/rt-icons-23dab.woff]
[webdesign-finder.com/html/pharma/fonts/socicon.eot]
[webdesign-finder.com/html/pharma/fonts/socicon.woff]
[webdesign-finder.com/html/pharma/fonts/socicond41d.eot]
[webdesign-finder.com/html/pharma/fonts/socicon.ttf]
[webdesign-finder.com/html/pharma/fonts/socicon.svg]
[webdesign-finder.com/html/pharma/fonts/fontawesome-webfont5b62.eot]
[webdesign-finder.com/html/pharma/fonts/fontawesome-webfont5b62.svg]
[webdesign-finder.com/html/pharma/css/fonts.css]
[webdesign-finder.com/html/pharma/fonts/fontawesome-webfontd41d.eot]
[webdesign-finder.com/html/pharma/img/owl.video.play.png]
[webdesign-finder.com/html/pharma/fonts/fontawesome-webfont5b62.woff]
[webdesign-finder.com/html/pharma/fonts/fontawesome-webfont5b62.ttf]
[webdesign-finder.com/html/pharma/img/prettyPhoto/facebook/default_thumbnail.gif]
[webdesign-finder.com/html/pharma/img/aside_bg.jpg]
[webdesign-finder.com/html/pharma/img/background_section.png]
[webdesign-finder.com/html/pharma/img/preloader.gif]
[webdesign-finder.com/html/pharma/img/pattern1.png]
[webdesign-finder.com/html/pharma/img/pattern2.png]
[webdesign-finder.com/html/pharma/img/pattern3.png]
[webdesign-finder.com/html/pharma/img/pattern4.png]
[webdesign-finder.com/html/pharma/img/pattern5.png]
[webdesign-finder.com/html/pharma/img/pattern6.png]
[webdesign-finder.com/html/pharma/img/pattern7.png]
[webdesign-finder.com/html/pharma/img/pattern8.png]
[webdesign-finder.com/html/pharma/img/pattern9.png]
[webdesign-finder.com/html/pharma/img/pattern10.png]
[webdesign-finder.com/html/pharma/img/pattern11.png]
[webdesign-finder.com/html/pharma/img/parallax/features.jpg]
[webdesign-finder.com/html/pharma/img/parallax/404.jpg]
[webdesign-finder.com/html/pharma/img/parallax/pipeline.png]
[webdesign-finder.com/html/pharma/img/parallax/top.jpg]
[webdesign-finder.com/html/pharma/img/parallax/bottom.jpg]
[webdesign-finder.com/html/pharma/img/parallax/icon.png]
[webdesign-finder.com/html/pharma/img/parallax/testimonials.jpg]
[webdesign-finder.com/html/pharma/img/parallax/map.jpg]
[webdesign-finder.com/html/pharma/img/parallax/map-texture.png]
[webdesign-finder.com/html/pharma/css/main.css]
[webdesign-finder.com/html/pharma/css/shop.css]
[webdesign-finder.com/html/pharma/index-2.html]
[webdesign-finder.com/html/pharma/index-static.html]
[webdesign-finder.com/html/pharma/index-single.html]
[webdesign-finder.com/html/pharma/about.html]
[webdesign-finder.com/html/pharma/shortcodes_teasers.html]
[webdesign-finder.com/html/pharma/shortcodes_typography.html]
[webdesign-finder.com/html/pharma/shortcodes_buttons.html]
[webdesign-finder.com/html/pharma/shortcodes_progress.html]
[webdesign-finder.com/html/pharma/images/recent_post1.jpg]
[webdesign-finder.com/html/pharma/images/recent_post2.jpg]
[webdesign-finder.com/html/pharma/shortcodes_tabs.html]
[webdesign-finder.com/html/pharma/images/team/01.jpg]
[webdesign-finder.com/html/pharma/images/team/02.jpg]
[webdesign-finder.com/html/pharma/images/team/03.jpg]
[webdesign-finder.com/html/pharma/shortcodes_bootstrap.html]
[webdesign-finder.com/html/pharma/images/recent_post3.jpg]
[webdesign-finder.com/html/pharma/images/banner.jpg]
[webdesign-finder.com/html/pharma/images/shop/01.png]
[webdesign-finder.com/html/pharma/images/shop/02.png]
[webdesign-finder.com/html/pharma/images/shop/03.png]
[webdesign-finder.com/html/pharma/shortcodes_widgets.html]
[webdesign-finder.com/html/pharma/shortcodes_animation.html]
[webdesign-finder.com/html/pharma/shortcodes_icons.html]
[webdesign-finder.com/html/pharma/shortcodes_socialicons.html]
[webdesign-finder.com/html/pharma/images/gallery/23.jpg]
[webdesign-finder.com/html/pharma/images/gallery/24.jpg]
[webdesign-finder.com/html/pharma/images/gallery/25.jpg]
[webdesign-finder.com/html/pharma/images/gallery/20.jpg]
[webdesign-finder.com/html/pharma/images/gallery/26.jpg]
[webdesign-finder.com/html/pharma/departments.html]
[webdesign-finder.com/html/pharma/department-single.html]
[webdesign-finder.com/html/pharma/careers.html]
[webdesign-finder.com/html/pharma/timetable.html]
[webdesign-finder.com/html/pharma/images/events/08.jpg]
[webdesign-finder.com/html/pharma/images/events/06.jpg]
[webdesign-finder.com/html/pharma/images/events/01.jpg]
[webdesign-finder.com/html/pharma/images/events/02.jpg]
[webdesign-finder.com/html/pharma/images/events/03.jpg]
[webdesign-finder.com/html/pharma/images/events/04.jpg]
[webdesign-finder.com/html/pharma/images/events/05.jpg]
[webdesign-finder.com/html/pharma/images/events/07.jpg]
[webdesign-finder.com/html/pharma/images/events/09.jpg]
[webdesign-finder.com/html/pharma/events-left.html]
[webdesign-finder.com/html/pharma/events-right.html]
[webdesign-finder.com/html/pharma/events-full.html]
[webdesign-finder.com/html/pharma/images/faces/05.jpg]
[webdesign-finder.com/html/pharma/images/faces/06.jpg]
[webdesign-finder.com/html/pharma/images/faces/07.jpg]
[webdesign-finder.com/html/pharma/event-single-left.html]
[webdesign-finder.com/html/pharma/event-single-right.html]
[webdesign-finder.com/html/pharma/event-single-full.html]
[webdesign-finder.com/html/pharma/images/shop/04.png]
[webdesign-finder.com/html/pharma/images/shop/05.png]
[webdesign-finder.com/html/pharma/images/shop/06.png]
[webdesign-finder.com/html/pharma/shop-right.html]
[webdesign-finder.com/html/pharma/images/team/05.jpg]
[webdesign-finder.com/html/pharma/images/team/04.jpg]
[webdesign-finder.com/html/pharma/shop-product-right.html]
[webdesign-finder.com/html/pharma/shop-cart-right.html]
[webdesign-finder.com/html/pharma/shop-checkout-right.html]
[webdesign-finder.com/html/pharma/shop-register.html]
[webdesign-finder.com/html/pharma/images/team/06.jpg]
[webdesign-finder.com/html/pharma/team.html]
[webdesign-finder.com/html/pharma/team-single.html]
[webdesign-finder.com/html/pharma/comingsoon1.html]
[webdesign-finder.com/html/pharma/comingsoon2.html]
[webdesign-finder.com/html/pharma/faq.html]
[webdesign-finder.com/html/pharma/faq2.html]
[webdesign-finder.com/html/pharma/404.html]
[webdesign-finder.com/html/pharma/4042.html]
[webdesign-finder.com/html/pharma/images/gallery/21.jpg]
[webdesign-finder.com/html/pharma/images/gallery/22.jpg]
[webdesign-finder.com/html/pharma/images/gallery/19.jpg]
[webdesign-finder.com/html/pharma/pipeline.html]
[webdesign-finder.com/html/pharma/pipeline-single.html]
[webdesign-finder.com/html/pharma/header1.html]
[webdesign-finder.com/html/pharma/header2.html]
[webdesign-finder.com/html/pharma/header3.html]
[webdesign-finder.com/html/pharma/header4.html]
[webdesign-finder.com/html/pharma/header5.html]
[webdesign-finder.com/html/pharma/header6.html]
[webdesign-finder.com/html/pharma/header_side1.html]
[webdesign-finder.com/html/pharma/header_side2.html]
[webdesign-finder.com/html/pharma/header_side3.html]
[webdesign-finder.com/html/pharma/header_side4.html]
[webdesign-finder.com/html/pharma/header_side5.html]
[webdesign-finder.com/html/pharma/header_side6.html]
[webdesign-finder.com/html/pharma/header_side7.html]
[webdesign-finder.com/html/pharma/header_side8.html]
[webdesign-finder.com/html/pharma/header_side_superfish.html]
[webdesign-finder.com/html/pharma/header_side_sticked.html]
[webdesign-finder.com/html/pharma/breadcrumbs1.html]
[webdesign-finder.com/html/pharma/breadcrumbs2.html]
[webdesign-finder.com/html/pharma/breadcrumbs3.html]
[webdesign-finder.com/html/pharma/breadcrumbs4.html]
[webdesign-finder.com/html/pharma/breadcrumbs5.html]
[webdesign-finder.com/html/pharma/breadcrumbs6.html]
[webdesign-finder.com/html/pharma/footer1.html]
[webdesign-finder.com/html/pharma/footer2.html]
[webdesign-finder.com/html/pharma/footer3.html]
[webdesign-finder.com/html/pharma/footer4.html]
[webdesign-finder.com/html/pharma/footer5.html]
[webdesign-finder.com/html/pharma/footer6.html]
[webdesign-finder.com/html/pharma/copyright1.html]
[webdesign-finder.com/html/pharma/copyright2.html]
[webdesign-finder.com/html/pharma/copyright3.html]
[webdesign-finder.com/html/pharma/copyright4.html]
[webdesign-finder.com/html/pharma/copyright5.html]
[webdesign-finder.com/html/pharma/images/gallery/09.jpg]
[webdesign-finder.com/html/pharma/images/gallery/10.jpg]
[webdesign-finder.com/html/pharma/images/gallery/11.jpg]
[webdesign-finder.com/html/pharma/images/gallery/12.jpg]
[webdesign-finder.com/html/pharma/gallery-regular.html]
[webdesign-finder.com/html/pharma/gallery-regular-2-cols.html]
[webdesign-finder.com/html/pharma/gallery-regular-3-cols.html]
[webdesign-finder.com/html/pharma/gallery-fullwidth.html]
[webdesign-finder.com/html/pharma/gallery-fullwidth-3-cols.html]
[webdesign-finder.com/html/pharma/gallery-fullwidth-4-cols.html]
[webdesign-finder.com/html/pharma/img/loading.png]
[webdesign-finder.com/html/pharma/gallery-extended.html]
[webdesign-finder.com/html/pharma/gallery-extended-2-cols.html]
[webdesign-finder.com/html/pharma/gallery-extended-3-cols.html]
[webdesign-finder.com/html/pharma/gallery-carousel.html]
[webdesign-finder.com/html/pharma/gallery-carousel-2-cols.html]
[webdesign-finder.com/html/pharma/gallery-carousel-3-cols.html]
[webdesign-finder.com/html/pharma/images/gallery/16.jpg]
[webdesign-finder.com/html/pharma/images/gallery/13.jpg]
[webdesign-finder.com/html/pharma/images/gallery/15.jpg]
[webdesign-finder.com/html/pharma/images/gallery/14.jpg]
[webdesign-finder.com/html/pharma/gallery-tile.html]
[webdesign-finder.com/html/pharma/gallery-left.html]
[webdesign-finder.com/html/pharma/gallery-left-2-cols.html]
[webdesign-finder.com/html/pharma/gallery-right.html]
[webdesign-finder.com/html/pharma/gallery-right-2-cols.html]
[webdesign-finder.com/html/pharma/gallery-single.html]
[webdesign-finder.com/html/pharma/gallery-single2.html]
[webdesign-finder.com/html/pharma/gallery-single3.html]
[webdesign-finder.com/html/pharma/images/status_bg.jpg]
[webdesign-finder.com/html/pharma/images/faces/04.jpg]
[webdesign-finder.com/html/pharma/images/quote_bg.jpg]
[webdesign-finder.com/html/pharma/blog-right.html]
[webdesign-finder.com/html/pharma/blog-left.html]
[webdesign-finder.com/html/pharma/blog-full.html]
[webdesign-finder.com/html/pharma/blog-mosaic.html]
[webdesign-finder.com/html/pharma/images/side-image.jpg]
[webdesign-finder.com/html/pharma/blog-single-right.html]
[webdesign-finder.com/html/pharma/blog-single-left.html]
[webdesign-finder.com/html/pharma/blog-single-full.html]
[webdesign-finder.com/html/pharma/blog-single-video-right.html]
[webdesign-finder.com/html/pharma/blog-single-video-left.html]
[webdesign-finder.com/html/pharma/blog-single-video-full.html]
[webdesign-finder.com/html/pharma/images/map_marker_icon.png]
[webdesign-finder.com/html/pharma/contact.html]
[webdesign-finder.com/html/pharma/contact2.html]
[webdesign-finder.com/html/pharma/contact3.html]
[webdesign-finder.com/html/pharma/contact4.html]
[webdesign-finder.com/html/pharma/fonts/glyphicons-halflings-regular.html]
[webdesign-finder.com/html/pharma/fonts/glyphicons-halflings-regular.svg]
[webdesign-finder.com/html/pharma/fonts/rt-icons-23dab.svg]
[webdesign-finder.com/html/pharma/fonts/socicon.svg]
[webdesign-finder.com/html/pharma/fonts/fontawesome-webfont5b62.html]
[webdesign-finder.com/html/pharma/fonts/fontawesome-webfont5b62.svg]
